Vyberte moznost (1 - Rekurzivne, 2 - Iterativne): Zadejte zaklad: Zadejte exponent: Rekurzivni vysledek: 8
