Enter a number to compute its sum of squares: The sum of squares is: 1
