Zadejte cislo pro vypocet faktorialu
Faktorial pro null nelze spocitat
