Enter the position in Fibonacci sequence: Invalid input.
