Enter first number: Enter second number: Wrong second number 