Enter a number to compute its sum of squares: Invalid input.
