a
10
0x1.01ccccccccccdp6
0x1p5
32
str
3
strstr
str
0
116
A
