To\tto 
 je 

 nejaky\n 
  text  // ve viceradkovem retezcovem literalu nelze mit komentar