Enter the position in Fibonacci sequence: Fibonacci result is: 0
