Float value: 0x1.5p3
Converted to integer: 10
nullValue is null.
