Enter the position in Fibonacci sequence: Negative positions are not valid.
