Toto je nejaky text v programu jazyka IFJ24
Toto je nejaky text v programu jazyka IFJ24, ktery jeste trochu obohatime
Zadejte serazenou posloupnost vsech malych pismen a-h, Spravne zadano!
