0x1.899999999999ap3
12
true 5 == 5.0
false b != 500
