Zadejte cislo pro vypocet faktorialu
Faktorial -10 nelze spocitat
