Original text: Hello, IFJ24!
Character at index 0: H
Character at index 1: e
Character at index 2: l
Character at index 3: l
Character at index 4: o
Character at index 5: ,
Character at index 6:  
Character at index 7: I
Character at index 8: F
Character at index 9: J
Character at index 10: 2
Character at index 11: 4
Character at index 12: !
