Zadejte cislo pro vypocet faktorialu
Vysledek: 0x1p0 = 1
