Enter a number to compute its sum of squares: Negative numbers are not allowed.
