Enter first number: Enter second number: Result: 1240
